emu compiled at Sep 14 2026, 19:44:47
Using simulated 32768B flash
Using simulated 8386560MB RAM
The image is /home/gingk/projects/xiangshan/xs-env/nexus-am/apps/wave1/build/wave1-riscv64-xs.bin
The reference model is /home/gingk/projects/xiangshan/xs-env/NEMU/build/riscv64-nemu-interpreter-so
The first instruction of core 0 has commited. Difftest enabled. 
[00] commit pc 0000000010000000 inst 0010029b wen 1 dst 05 data 0000000000000001 idx 000
[01] commit pc 0000000010000004 inst 01f29293 wen 1 dst 05 data 0000000080000000 idx 001
[02] commit pc 0000000010000008 inst 00028067 wen 0 dst 00 data 0000000000000000 idx 002
[03] commit pc 0000000080000000 inst fff00513 wen 1 dst 10 data ffffffffffffffff idx 003
[04] commit pc 0000000080000002 inst 30651073 wen 0 dst 00 data 0000000000000000 idx 004
[05] commit pc 0000000080000006 inst 00000093 wen 1 dst 01 data 0000000000000000 idx 005
[06] commit pc 0000000080000016 inst 00000293 wen 1 dst 05 data 0000000000000000 idx 006
[07] commit pc 000000008000001e inst 00000393 wen 1 dst 07 data 0000000000000000 idx 007
[08] commit pc 0000000080000022 inst 00000413 wen 1 dst 08 data 0000000000000000 idx 008
[09] commit pc 000000008000003a inst 00000713 wen 1 dst 14 data 0000000000000000 idx 009
[10] commit pc 000000008000003e inst 00000793 wen 1 dst 15 data 0000000000000000 idx 00a
[11] commit pc 0000000080000042 inst 00000813 wen 1 dst 16 data 0000000000000000 idx 00b
[12] commit pc 0000000080000052 inst 00000a13 wen 1 dst 20 data 0000000000000000 idx 00c
[13] commit pc 000000008000005e inst 00000b93 wen 1 dst 23 data 0000000000000000 idx 00d
[14] commit pc 0000000080000062 inst 00000c13 wen 1 dst 24 data 0000000000000000 idx 00e
[15] commit pc 000000008000006a inst 00000d13 wen 1 dst 26 data 0000000000000000 idx 00f
[16] commit pc 000000008000007e inst 00000f93 wen 1 dst 31 data 0000000000000000 idx 010
[17] commit pc 0000000080000082 inst 00002537 wen 1 dst 10 data 0000000000002000 idx 011
[18] commit pc 0000000080000084 inst 30052073 wen 0 dst 00 data 0000000000000000 idx 012
[19] commit pc 0000000080000088 inst 00305073 wen 0 dst 00 data 0000000000000000 idx 013
[20] commit pc 000000008000008c inst f0000053 wen 1 dst 00 data ffffffff00000000 idx 014
[21] commit pc 00000000800000a0 inst f00002d3 wen 1 dst 05 data ffffffff00000000 idx 015
[22] commit pc 00000000800000a4 inst f0000353 wen 1 dst 06 data ffffffff00000000 idx 016
[23] commit pc 00000000800000a8 inst f00003d3 wen 1 dst 07 data ffffffff00000000 idx 017
[24] commit pc 00000000800000c0 inst f00006d3 wen 1 dst 13 data ffffffff00000000 idx 018
[25] commit pc 00000000800000c4 inst f0000753 wen 1 dst 14 data ffffffff00000000 idx 019
[26] commit pc 00000000800000c8 inst f00007d3 wen 1 dst 15 data ffffffff00000000 idx 01a
[27] commit pc 00000000800000d8 inst f00009d3 wen 1 dst 19 data ffffffff00000000 idx 01b
[28] commit pc 00000000800000e4 inst f0000b53 wen 1 dst 22 data ffffffff00000000 idx 01c
[29] commit pc 00000000800000e8 inst f0000bd3 wen 1 dst 23 data ffffffff00000000 idx 01d
[30] commit pc 00000000800000f0 inst f0000cd3 wen 1 dst 25 data ffffffff00000000 idx 01e
[31] commit pc 0000000080000104 inst f0000f53 wen 1 dst 30 data ffffffff00000000 idx 01f
[00] commit pc 0000000080000108 inst f0000fd3 wen 1 dst 31 data ffffffff00000000 idx 020
[01] commit pc 000000008000010c inst 00002297 wen 1 dst 05 data 000000008000210c idx 021
[02] commit pc 0000000080000110 inst ef428293 wen 1 dst 05 data 0000000080002000 idx 022
[03] commit pc 0000000080000114 inst 0000a317 wen 1 dst 06 data 000000008000a114 idx 023
[04] commit pc 0000000080000118 inst eec30313 wen 1 dst 06 data 000000008000a000 idx 024
[05] commit pc 0000000080000120 inst f1402ef3 wen 1 dst 29 data 0000000000000000 idx 025
[06] commit pc 0000000080000124 inst 03de0f33 wen 1 dst 30 data 0000000000000000 idx 026
[07] commit pc 0000000080000128 inst 006f0133 wen 1 dst 02 data 000000008000a000 idx 027
[08] commit pc 000000008000012c inst 0e0000ef wen 1 dst 01 data 0000000080000130 idx 028
[09] commit pc 000000008000020c inst ff010113 wen 1 dst 02 data 0000000080009ff0 idx 029
[10] commit pc 000000008000020e inst 00113423 wen 0 dst 08 data 0000000000000000 idx 02a (00)
[11] commit pc 0000000080000210 inst 014000ef wen 1 dst 01 data 0000000080000214 idx 02b
[12] commit pc 0000000080000224 inst 406007b7 wen 1 dst 15 data 0000000040600000 idx 02c
[13] commit pc 000000008000022a inst 00e78623 wen 0 dst 12 data 0000000000000000 idx 02d (01) (S)
[14] commit pc 000000008000022e inst 00008067 wen 0 dst 00 data 0000000000000000 idx 02e
[15] commit pc 0000000080000214 inst 00001517 wen 1 dst 10 data 0000000080001214 idx 02f
[16] commit pc 0000000080000218 inst 0e150513 wen 1 dst 10 data 00000000800012f5 idx 000
[17] commit pc 000000008000021c inst f15ff0ef wen 1 dst 01 data 0000000080000220 idx 001
[18] commit pc 0000000080000130 inst 300022f3 wen 1 dst 05 data 8000000a00006000 idx 002
[19] commit pc 0000000080000134 inst 60000313 wen 1 dst 06 data 0000000000000600 idx 003
[20] commit pc 000000008000013c inst 30029073 wen 0 dst 00 data 0000000000000000 idx 004
[21] commit pc 0000000080000140 inst 000077d7 wen 1 dst 15 data 0000000000000010 idx 005
[22] commit pc 0000000080000144 inst 00001797 wen 1 dst 15 data 0000000080001144 idx 006
[23] commit pc 0000000080000148 inst 45c78793 wen 1 dst 15 data 00000000800015a0 idx 007
[24] commit pc 000000008000014c inst 02078007 wen 1 dst 00 data 00000000800015a0 idx 008 (00)
[25] commit pc 0000000080000150 inst 00001797 wen 1 dst 15 data 0000000080001150 idx 009
[26] commit pc 0000000080000154 inst 46078793 wen 1 dst 15 data 00000000800015b0 idx 00a
[27] commit pc 0000000080000158 inst 02078087 wen 1 dst 01 data 00000000800015b0 idx 00b (00)
[28] commit pc 000000008000015c inst 000077d7 wen 1 dst 15 data 0000000000000010 idx 00c
[29] commit pc 0000000080000160 inst 2e000257 wen 1 dst 04 data 0000000000000000 idx 00d
[30] commit pc 0000000080000164 inst 2e0002d7 wen 1 dst 05 data 0000000000000000 idx 00e
[31] commit pc 0000000080000168 inst 12103157 wen 1 dst 02 data 7a7bf03d8f211a6b idx 00f

==============  In the last commit group  ==============
the first commit instr pc of DUT is 0x0000000080000168
the first commit instr pc of REF is 0x0000000080000168

============== Commit Group Trace (Core 0) ==============
commit group [00]: pc 008000020c cmtcnt 1
commit group [01]: pc 008000020e cmtcnt 2
commit group [02]: pc 0080000224 cmtcnt 2
commit group [03]: pc 008000022a cmtcnt 3
commit group [04]: pc 0080000218 cmtcnt 2
commit group [05]: pc 0080000130 cmtcnt 1
commit group [06]: pc 0080000134 cmtcnt 2
commit group [07]: pc 008000013c cmtcnt 1
commit group [08]: pc 0080000140 cmtcnt 1
commit group [09]: pc 0080000144 cmtcnt 1
commit group [10]: pc 0080000148 cmtcnt 1
commit group [11]: pc 008000014c cmtcnt 5
commit group [12]: pc 0080000160 cmtcnt 1
commit group [13]: pc 0080000164 cmtcnt 1
commit group [14]: pc 0080000168 cmtcnt 1 <--
commit group [15]: pc 008000012c cmtcnt 1

============== Commit Instr Trace ==============
[00] commit pc 0000000080000108 inst f0000fd3 wen 1 dst 31 data ffffffff00000000 idx 020
[01] commit pc 000000008000010c inst 00002297 wen 1 dst 05 data 000000008000210c idx 021
[02] commit pc 0000000080000110 inst ef428293 wen 1 dst 05 data 0000000080002000 idx 022
[03] commit pc 0000000080000114 inst 0000a317 wen 1 dst 06 data 000000008000a114 idx 023
[04] commit pc 0000000080000118 inst eec30313 wen 1 dst 06 data 000000008000a000 idx 024
[05] commit pc 0000000080000120 inst f1402ef3 wen 1 dst 29 data 0000000000000000 idx 025
[06] commit pc 0000000080000124 inst 03de0f33 wen 1 dst 30 data 0000000000000000 idx 026
[07] commit pc 0000000080000128 inst 006f0133 wen 1 dst 02 data 000000008000a000 idx 027
[08] commit pc 000000008000012c inst 0e0000ef wen 1 dst 01 data 0000000080000130 idx 028
[09] commit pc 000000008000020c inst ff010113 wen 1 dst 02 data 0000000080009ff0 idx 029
[10] commit pc 000000008000020e inst 00113423 wen 0 dst 08 data 0000000000000000 idx 02a (00)
[11] commit pc 0000000080000210 inst 014000ef wen 1 dst 01 data 0000000080000214 idx 02b
[12] commit pc 0000000080000224 inst 406007b7 wen 1 dst 15 data 0000000040600000 idx 02c
[13] commit pc 000000008000022a inst 00e78623 wen 0 dst 12 data 0000000000000000 idx 02d (01) (S)
[14] commit pc 000000008000022e inst 00008067 wen 0 dst 00 data 0000000000000000 idx 02e
[15] commit pc 0000000080000214 inst 00001517 wen 1 dst 10 data 0000000080001214 idx 02f
[16] commit pc 0000000080000218 inst 0e150513 wen 1 dst 10 data 00000000800012f5 idx 000
[17] commit pc 000000008000021c inst f15ff0ef wen 1 dst 01 data 0000000080000220 idx 001
[18] commit pc 0000000080000130 inst 300022f3 wen 1 dst 05 data 8000000a00006000 idx 002
[19] commit pc 0000000080000134 inst 60000313 wen 1 dst 06 data 0000000000000600 idx 003
[20] commit pc 000000008000013c inst 30029073 wen 0 dst 00 data 0000000000000000 idx 004
[21] commit pc 0000000080000140 inst 000077d7 wen 1 dst 15 data 0000000000000010 idx 005
[22] commit pc 0000000080000144 inst 00001797 wen 1 dst 15 data 0000000080001144 idx 006
[23] commit pc 0000000080000148 inst 45c78793 wen 1 dst 15 data 00000000800015a0 idx 007
[24] commit pc 000000008000014c inst 02078007 wen 1 dst 00 data 00000000800015a0 idx 008 (00)
[25] commit pc 0000000080000150 inst 00001797 wen 1 dst 15 data 0000000080001150 idx 009
[26] commit pc 0000000080000154 inst 46078793 wen 1 dst 15 data 00000000800015b0 idx 00a
[27] commit pc 0000000080000158 inst 02078087 wen 1 dst 01 data 00000000800015b0 idx 00b (00)
[28] commit pc 000000008000015c inst 000077d7 wen 1 dst 15 data 0000000000000010 idx 00c
[29] commit pc 0000000080000160 inst 2e000257 wen 1 dst 04 data 0000000000000000 idx 00d
[30] commit pc 0000000080000164 inst 2e0002d7 wen 1 dst 05 data 0000000000000000 idx 00e
[31] commit pc 0000000080000168 inst 12103157 wen 1 dst 02 data 7a7bf03d8f211a6b idx 00f <--

==============  REF Regs  ==============
---------------- Intger Registers ----------------
  $0: 0x0000000000000000   ra: 0x0000000080000220   sp: 0x0000000080009ff0   gp: 0x0000000000000000 
  tp: 0x0000000000000000   t0: 0x8000000a00006600   t1: 0x0000000000000600   t2: 0x0000000000000000 
  s0: 0x0000000000000000   s1: 0x0000000000000000   a0: 0x00000000800012f5   a1: 0x0000000000000000 
  a2: 0x0000000000000000   a3: 0x0000000000000000   a4: 0x0000000000000003   a5: 0x0000000000000010 
  a6: 0x0000000000000000   a7: 0x0000000000000000   s2: 0x0000000000000000   s3: 0x0000000000000000 
  s4: 0x0000000000000000   s5: 0x0000000000000000   s6: 0x0000000000000000   s7: 0x0000000000000000 
  s8: 0x0000000000000000   s9: 0x0000000000000000  s10: 0x0000000000000000  s11: 0x0000000000000000 
  t3: 0x0000000000008000   t4: 0x0000000000000000   t5: 0x0000000000000000   t6: 0x0000000000000000 
---------------- Float Registers ----------------
 ft0: 0xffffffff00000000  ft1: 0xffffffff00000000  ft2: 0xffffffff00000000  ft3: 0xffffffff00000000 
 ft4: 0xffffffff00000000  ft5: 0xffffffff00000000  ft6: 0xffffffff00000000  ft7: 0xffffffff00000000 
 fs0: 0xffffffff00000000  fs1: 0xffffffff00000000  fa0: 0xffffffff00000000  fa1: 0xffffffff00000000 
 fa2: 0xffffffff00000000  fa3: 0xffffffff00000000  fa4: 0xffffffff00000000  fa5: 0xffffffff00000000 
 fa6: 0xffffffff00000000  fa7: 0xffffffff00000000  fs2: 0xffffffff00000000  fs3: 0xffffffff00000000 
 fs4: 0xffffffff00000000  fs5: 0xffffffff00000000  fs6: 0xffffffff00000000  fs7: 0xffffffff00000000 
 fs8: 0xffffffff00000000  fs9: 0xffffffff00000000 fs10: 0xffffffff00000000 fs11: 0xffffffff00000000 
 ft8: 0xffffffff00000000  ft9: 0xffffffff00000000 ft10: 0xffffffff00000000 ft11: 0xffffffff00000000 
 fcsr: 0x0000000000000000 fflags: 0x0000000000000000 frm: 0x0000000000000000
---------------- Privileged CSRs ----------------
pc: 0x000000008000016c  privilege mode: M (mode: 3  v: 0  debug: 0)
   mstatus: 0x8000000a00006600   sstatus: 0x8000000200006600  vsstatus: 0x0000000200000000
   hstatus: 0x0000000200000000  mnstatus: 0x0000000000000008
    mcause: 0x0000000000000000      mepc: 0x0000000000000000     mtval: 0x0000000000000000
    scause: 0x0000000000000000      sepc: 0x0000000000000000     stval: 0x0000000000000000
   vscause: 0x0000000000000000     vsepc: 0x0000000000000000    vstval: 0x0000000000000000
   mncause: 0x0000000000000000     mnepc: 0x0000000000000000 mnscratch: 0x0000000000000000
    mtval2: 0x0000000000000000     htval: 0x0000000000000000
    mtinst: 0x0000000000000000    htinst: 0x0000000000000000
  mscratch: 0xc8f9b5c31900bc27  sscratch: 0x930af7ed31fe98e1 vsscratch: 0x21543cdda007202e
     mtvec: 0x0000000000000000     stvec: 0x0000000000000000    vstvec: 0x0000000000000000
       mip: 0x0000000000000000       mie: 0x0000000000000000
   mideleg: 0x0000000000001444   medeleg: 0x0000000000000000
   hideleg: 0x0000000000000000   hedeleg: 0x0000000000000000
      satp: 0x0000000000000000     hgatp: 0x0000000000000000     vsatp: 0x0000000000000000
 mcounteren: 0x00000000ffffffff scounteren: 0x0000000000000000 hcounteren: 0x0000000000000000
  miselect: 0x0000000000000000  siselect: 0x0000000000000000 vsiselect: 0x0000000000000000
     mireg: 0x0000000000000000     sireg: 0x0000000000000000    vsireg: 0x0000000000000000
     mtopi: 0x0000000000000000     stopi: 0x0000000000000000    vstopi: 0x0000000000000000
     mvien: 0x0000000000000000     hvien: 0x0000000000000000      mvip: 0x0000000000000000
    mtopei: 0x0000000000000000    stopei: 0x0000000000000000   vstopei: 0x0000000000000000
    hvictl: 0x0000000000000000  hviprio1: 0x0000000000000000  hviprio2: 0x0000000000000000
---------------- PMP CSRs ----------------
pmp: 16 entries active, details:
 0: cfg:0x00 addr:0x0000000000000000| 1: cfg:0x00 addr:0x0000000000000000
 2: cfg:0x00 addr:0x0000000000000000| 3: cfg:0x00 addr:0x0000000000000000
 4: cfg:0x00 addr:0x0000000000000000| 5: cfg:0x00 addr:0x0000000000000000
 6: cfg:0x00 addr:0x0000000000000000| 7: cfg:0x00 addr:0x0000000000000000
 8: cfg:0x00 addr:0x0000000000000000| 9: cfg:0x00 addr:0x0000000000000000
10: cfg:0x00 addr:0x0000000000000000|11: cfg:0x00 addr:0x0000000000000000
12: cfg:0x00 addr:0x0000000000000000|13: cfg:0x00 addr:0x0000000000000000
14: cfg:0x00 addr:0x0000000000000000|15: cfg:0x00 addr:0x0000000000000000
---------------- Vector Registers ----------------
v0 : 0x100f0e0d0c0b0a09_0807060504030201  v1 : 0x0101010101010101_0101010101010101  
v2 : 0x0000000000000000_000000008f211a6b  v3 : 0xef910fbd1a7e9c9f_2038b1d0d5cd58d6  
v4 : 0x0000000000000000_0000000000000000  v5 : 0x0000000000000000_0000000000000000  
v6 : 0xd456bbf8bea53fe7_d0ad3f95e8d6bd20  v7 : 0x08020c8a25a6de34_2082f3fe5bc8ee5f  
v8 : 0x9ee0eb5615c2dd5b_b400bba140b636a4  v9 : 0x48d77644d3bddeec_a2ec9fdf59cd67ce  
v10: 0x8e29d272be3dca75_e2677ad07a2cd9cd  v11: 0xffab84678773d59e_9e9d8b8291bea7b9  
v12: 0x538efb6a520e2feb_2cc1569911752eb3  v13: 0x819aa0b1568c070f_7368cb7154d753d7  
v14: 0xc0c65b7685d33bb4_db50327e76bf0115  v15: 0x2e8cad0f87208f20_97ca4842fd828fdf  
v16: 0x3b4b278f6f881dc3_1ef68f691eab0d2c  v17: 0xcc746a8324ecca25_8e0480985f1b76d5  
v18: 0xdf7891cbada2bc4d_978fbf048b218328  v19: 0x9f8bf56695593e48_abfc23cecd51fc69  
v20: 0xd4d6c791e68e1dbf_21084d97db068dee  v21: 0xe0b83b42ed3e211b_fb07c8280d2c8b3b  
v22: 0x4350b4b12ede0b64_1c870daa33365d60  v23: 0x927b87418a5c36e6_0b0bc14485578eb2  
v24: 0x906644d3c5cd10d4_66a75818a951ec22  v25: 0x61bbf3cdbf5a4ce1_610ec0add73f5528  
v26: 0xbf6384e5275d6189_4027d622f7106c92  v27: 0x8c05d868ecfbd434_946fda3371418012  
v28: 0xb5277b34e727184b_0d453c6c50aa3af5  v29: 0xa2164685978e56d3_62d084b58d9c2135  
v30: 0xe379947bf6dbdcc8_b5d8efe90690de06  v31: 0x06e7ce2366183f1f_ccb234ace700ccc6  
  vtype: 0x0000000000000000 vstart: 0x0000000000000000  vxsat: 0x0000000000000000
   vxrm: 0x0000000000000002     vl: 0x0000000000000010   vcsr: 0x0000000000000004
---------------- Triggers ----------------
 tselect: 0x0000000000000000
 0: tdata1: 0xf000000000000000 tdata2: 0x0000000000000000
 1: tdata1: 0xf000000000000000 tdata2: 0x0000000000000000
 2: tdata1: 0xf000000000000000 tdata2: 0x0000000000000000
 3: tdata1: 0xf000000000000000 tdata2: 0x0000000000000000
 4: tdata1: 0x0000000000000000 tdata2: 0x0000000000000000
privilegeMode: 3
 v2_low different at pc = 0x0080000168, right= 0x000000008f211a6b, wrong = 0x7a7bf03d8f211a6b
v2_high different at pc = 0x0080000168, right= 0x0000000000000000, wrong = 0x49a65a46cc7d9779
Core 0: [31mABORT at pc = 0x80000188
[0m[35mCore-0 instrCnt = 105, cycleCnt = 2609, IPC = 0.040245
[0m[34mSeed=0 Guest cycle spent: 2612 (this will be different from cycleCnt if emu loads a snapshot)
[0m[34mHost time spent: 8675ms
[0m